### One-Shot G0W0 ###
HOMO:  eV (band# 18)
LUMO:  eV (band# 19)
 Gap:  eV
### GW iteration 2 ###
HOMO:  eV (band# 18)
LUMO:  eV (band# 19)
 Gap:  eV
### GW iteration 3 ###
HOMO:  eV (band# 18)
LUMO:  eV (band# 19)
 Gap:  eV
