HOMO: 1.00000 eV (band# 18)
LUMO: 0.00000 eV (band# 19)
 Gap: 1.00000 eV
HOMO: 1.00000 eV (band# 18)
LUMO: 0.00000 eV (band# 19)
 Gap: 1.00000 eV
HOMO: 1.00000 eV (band# 18)
LUMO: 0.00000 eV (band# 19)
 Gap: 1.00000 eV
HOMO: 1.00000 eV (band# 18)
LUMO: 0.00000 eV (band# 19)
 Gap: 1.00000 eV
HOMO: 1.00000 eV (band# 18)
LUMO: 0.00000 eV (band# 19)
 Gap: 1.00000 eV
