HOMO: 2.5724 eV (band# 18)
LUMO: 3.7367 eV (band# 19)
 Gap: 1.1643 eV
