HOMO: 2.8635 eV (band# 18)
LUMO: 3.4430 eV (band# 19)
 Gap: .5795 eV
HOMO: 2.9320 eV (band# 18)
LUMO: 3.4279 eV (band# 19)
 Gap: .4959 eV
HOMO: 2.9215 eV (band# 18)
LUMO: 3.4329 eV (band# 19)
 Gap: .5114 eV
HOMO: 2.9230 eV (band# 18)
LUMO: 3.4321 eV (band# 19)
 Gap: .5091 eV
HOMO: 2.9227 eV (band# 18)
LUMO: 3.4322 eV (band# 19)
 Gap: .5095 eV
