### One-Shot G0W0 ###
HOMO: 2.9727 eV (band# 18)
LUMO: 3.1963 eV (band# 19)
 Gap: .2236 eV
### GW iteration 2 ###
HOMO: 2.6264 eV (band# 18)
LUMO: 3.3810 eV (band# 19)
 Gap: .7546 eV
